C51 COMPILER V9.57.0.0   MAIN                                                              04/09/2018 21:15:34 PAGE 1   


C51 COMPILER V9.57.0.0, COMPILATION OF MODULE MAIN
OBJECT MODULE PLACED IN .\Objects\main.obj
COMPILER INVOKED BY: C:\Keil_v5\C51\BIN\C51.EXE main.c OPTIMIZE(8,SPEED) BROWSE DEBUG OBJECTEXTEND PRINT(.\Listings\main
                    -.lst) TABS(2) OBJECT(.\Objects\main.obj)

line level    source

   1          #include <DS89C4xx.h>
   2          
   3          void delay_cw(void)
   4          {
   5   1        //create 2ms delay
   6   1        TH0 = 0xEE;
   7   1        TL0 = 0x82;
   8   1        TR0 = 1;
   9   1        
  10   1        while (TF0 == 0); // wait here until TFO == 1 
  11   1        
  12   1        TR0 = 0; // stop timer 
  13   1        TF0 = 0; //clear flag
  14   1        
  15   1      } //delay_cw
  16          
  17          void delay_ccw(void)
  18          {
  19   1          //create 2ms delay
  20   1        TH0 = 0xB9;
  21   1        TL0 = 0xB6;
  22   1        TR0 = 1;
  23   1        
  24   1        while (TF0 == 0); // wait here until TFO == 1 
  25   1        
  26   1        TR0 = 0; // stop timer 
  27   1        TF0 = 0; //clear flag
  28   1        
  29   1      } //delay_ccw
  30          
  31          void main(void)
  32          {
  33   1        TMOD = 0x01;
  34   1        while(1)
  35   1        {
  36   2              int i; 
  37   2              int j; 
  38   2              //turning cw
  39   2              // Stepping 16 times for 180 degrees
  40   2              for (j = 0 ; j <16; j=j+1)
  41   2              {
  42   3                  
  43   3                  for (i = 0 ; i <16 ; i = i+1)
  44   3                  {
  45   4                      P1 = 0x66;
  46   4                      delay_cw();
  47   4                      P1 = 0x33;
  48   4                      delay_cw();
  49   4                      P1 = 0x99;
  50   4                      delay_cw();
  51   4                      P1 = 0xCC;
  52   4                      delay_cw();
  53   4                  }   
  54   3                }
C51 COMPILER V9.57.0.0   MAIN                                                              04/09/2018 21:15:34 PAGE 2   

  55   2              for (j = 0 ; j < 8 ; j=j+1)
  56   2              {
  57   3                  
  58   3                  for (i = 0 ; i <16 ; i = i+1)
  59   3                  {
  60   4                      P1 = 0x66;
  61   4                      delay_ccw();
  62   4                      P1 = 0xCC;
  63   4                      delay_ccw();
  64   4                      P1 = 0x99;
  65   4                      delay_ccw();
  66   4                      P1 = 0x33;
  67   4                      delay_ccw();
  68   4                  }
  69   3              }
  70   2      
  71   2      
  72   2        }//end of while{1}
  73   1      }//end of main


MODULE INFORMATION:   STATIC OVERLAYABLE
   CODE SIZE        =    183    ----
   CONSTANT SIZE    =   ----    ----
   XDATA SIZE       =   ----    ----
   PDATA SIZE       =   ----    ----
   DATA SIZE        =   ----       4
   IDATA SIZE       =   ----    ----
   BIT SIZE         =   ----    ----
END OF MODULE INFORMATION.


C51 COMPILATION COMPLETE.  0 WARNING(S),  0 ERROR(S)
